core_cm0plus.h:741:22:__NVIC_EnableIRQ	16	static
core_cm0plus.h:848:22:__NVIC_SetPriority	24	static
main.c:9:6:EXTI0_1_IRQHandler	8	static
main.c:37:6:EXTI2_3_IRQHandler	8	static
main.c:72:6:EXTI4_15_IRQHandler	8	static
main.c:106:6:clearSSD	8	static
main.c:117:6:setSSD	16	static
main.c:203:6:clearRowsKeypad	8	static
main.c:211:6:setRowsKeypad	8	static
main.c:219:6:set_output	8	static
main.c:235:6:set_input	8	static
main.c:249:6:set_interrupts	8	static
main.c:258:6:set_display	8	static
main.c:285:6:enable_clock	8	static
main.c:293:6:set_rows	8	static
main.c:304:6:rising_edge	8	static
main.c:313:6:mask	8	static
main.c:320:6:nvic	8	static
main.c:335:5:main	8	static
