core_cm0plus.h:741:22:__NVIC_EnableIRQ	16	static
core_cm0plus.h:848:22:__NVIC_SetPriority	24	static
BSP.c:17:6:delay	16	static
BSP.c:22:6:openClock	16	static
BSP.c:48:6:setMode	16	static
BSP.c:175:6:configureOnboardLed	8	static
BSP.c:185:6:toggleOnboardLed	8	static
BSP.c:198:6:turnOnOnboardLed	8	static
BSP.c:206:6:turnOffOnboardLed	8	static
BSP.c:216:6:unlockFlash	8	static
BSP.c:223:6:lockFlash	8	static
BSP.c:227:6:configureOnboardButton	8	static
BSP.c:248:5:readOnboardButton	8	static
BSP.c:263:6:set_sysclk_to_hse	8	static
BSP.c:288:6:set_sysclk_to_hsi	8	static
BSP.c:307:6:set_sysclk_to_64	16	static
BSP.c:370:6:EXTI0_1_IRQHandler	8	static
BSP.c:392:6:configure_A0_int	8	static
BSP.c:409:6:SysTick_Handler	8	static
BSP.c:422:6:init_systick	16	static
BSP.c:445:6:delay_ms	16	static
