core_cm0plus.h:741:22:__NVIC_EnableIRQ	16	static
core_cm0plus.h:848:22:__NVIC_SetPriority	24	static
main.c:12:6:init_clocks	8	static
main.c:18:6:set_A6_PIN_output	8	static
main.c:26:6:set_output	16	static
main.c:40:6:set_input	16	static
main.c:50:6:turn_on_ext_led	16	static
main.c:62:6:turn_off_ext_led	16	static
main.c:74:6:delay	16	static
main.c:80:6:check_mode	16	static
main.c:102:5:check_button_presses	16	static
main.c:131:6:init_tim1	16	static
main.c:149:6:TIM1_BRK_UP_TRG_COM_IRQHandler	8	static
main.c:157:6:EXTI2_3_IRQHandler	16	static
main.c:165:6:external_buttonHandler	8	static
main.c:178:5:main	8	static
